src/components/StatisticsDashboard.tsx(5,1): error TS6133: 'getSentencesForLevel' is declared but its value is never read.
src/utils/sessionProgressStorage.ts(11,19): error TS6133: 'key' is declared but its value is never read.
src/utils/sessionProgressStorage.ts(27,18): error TS6133: 'key' is declared but its value is never read.
